[0.247s] Invoking command in '/workspaces/isaac_ros-dev/build/roboto_bms': _=/usr/bin/env /usr/bin/cmake /workspaces/isaac_ros-dev/roboparty/modules/roboparty_firmware/orangepi-build/external/cache/sources/bms_daemon -DCMAKE_BUILD_TYPE=Release -DCMAKE_INSTALL_PREFIX=/workspaces/isaac_ros-dev/install/roboto_bms
[0.344s] -- The C compiler identification is GNU 11.4.0
[0.380s] -- The CXX compiler identification is GNU 11.4.0
[0.385s] -- Detecting C compiler ABI info
[0.482s] -- Detecting C compiler ABI info - done
[0.485s] -- Check for working C compiler: /usr/bin/cc - skipped
[0.485s] -- Detecting C compile features
[0.485s] -- Detecting C compile features - done
[0.487s] -- Detecting CXX compiler ABI info
[0.589s] -- Detecting CXX compiler ABI info - done
[0.593s] -- Check for working CXX compiler: /usr/bin/c++ - skipped
[0.593s] -- Detecting CXX compile features
[0.593s] -- Detecting CXX compile features - done
[0.599s] -- Looking for pthread.h
[0.703s] -- Looking for pthread.h - found
[0.704s] -- Performing Test CMAKE_HAVE_LIBC_PTHREAD
[0.804s] -- Performing Test CMAKE_HAVE_LIBC_PTHREAD - Success
[0.804s] -- Found Threads: TRUE  
[1.811s] -- Found Python3: /usr/bin/python3.10 (found version "3.10.12") found components: Interpreter Development Development.Module Development.Embed 
[1.842s] -- Performing Test HAS_FLTO
[1.975s] -- Performing Test HAS_FLTO - Success
[1.975s] -- Found pybind11: /usr/include (found version "2.9.1")
[1.977s] -- Configuring done
[1.983s] -- Generating done
[1.984s] -- Build files have been written to: /workspaces/isaac_ros-dev/build/roboto_bms
