[0.033s] Invoking command in '/workspaces/isaac_ros-dev/build/roboparty_imu': CMAKE_PREFIX_PATH=${CMAKE_PREFIX_PATH}:/opt/ros/humble _=/usr/bin/env /usr/bin/cmake /workspaces/isaac_ros-dev/roboparty/modules/roboparty_deploy/src/imu -DCMAKE_BUILD_TYPE=Release -DAMENT_CMAKE_SYMLINK_INSTALL=1 -DCMAKE_INSTALL_PREFIX=/workspaces/isaac_ros-dev/install/roboparty_imu
[0.257s] -- The C compiler identification is GNU 11.4.0
[0.257s] -- The CXX compiler identification is GNU 11.4.0
[0.257s] -- Detecting C compiler ABI info
[0.318s] -- Detecting C compiler ABI info - done
[0.321s] -- Check for working C compiler: /usr/bin/cc - skipped
[0.322s] -- Detecting C compile features
[0.322s] -- Detecting C compile features - done
[0.324s] -- Detecting CXX compiler ABI info
[0.427s] -- Detecting CXX compiler ABI info - done
[0.432s] -- Check for working CXX compiler: /usr/bin/c++ - skipped
[0.432s] -- Detecting CXX compile features
[0.432s] -- Detecting CXX compile features - done
[0.825s] -- Found Python3: /usr/bin/python3 (found version "3.10.12") found components: Interpreter 
[0.862s] -- Override CMake install command with custom implementation using symlinks instead of copying resources
[0.900s] -- Looking for pthread.h
[1.000s] -- Looking for pthread.h - found
[1.000s] -- Performing Test CMAKE_HAVE_LIBC_PTHREAD
[1.099s] -- Performing Test CMAKE_HAVE_LIBC_PTHREAD - Success
[1.099s] -- Found Threads: TRUE  
[1.749s] -- Found Python3: /usr/bin/python3 (found version "3.10.12") found components: Interpreter Development Development.Module Development.Embed 
[1.784s] -- Performing Test HAS_FLTO
[1.933s] -- Performing Test HAS_FLTO - Success
[1.933s] -- Found pybind11: /usr/include (found version "2.9.1")
[1.991s] -- Configuring done
[1.999s] -- Generating done
[2.001s] -- Build files have been written to: /workspaces/isaac_ros-dev/build/roboparty_imu
